C51 COMPILER V9.03   ADC_DELSIG_1_INT                                                      07/11/2012 14:12:34 PAGE 1   


C51 COMPILER V9.03, COMPILATION OF MODULE ADC_DELSIG_1_INT
OBJECT MODULE PLACED IN .\DP8051\DP8051_Keil_903\Debug\ADC_DelSig_1_INT.obj
COMPILER INVOKED BY: D:\dev_soft\PSoC Creator\2.0\PSoC Creator\import\keil\pk51\9.03\C51\BIN\c51.exe .\Generated_Source\
                    -PSoC3\ADC_DelSig_1_INT.c NOIV LARGE MODDP2 OMF2 VB(1) PR(.\DP8051\DP8051_Keil_903\Debug\ADC_DelSig_1_INT.lst) CD DB NOIP
                    - OT(2,SIZE) INCDIR(Generated_Source\PSoC3) OJ(.\DP8051\DP8051_Keil_903\Debug\ADC_DelSig_1_INT.obj)

line level    source

   1          /*******************************************************************************
   2          * File Name: ADC_DelSig_1_INT.c  
   3          * Version 2.20
   4          *
   5          * Description:
   6          *  This file contains the code that operates during the ADC_DelSig interrupt 
   7          *  service routine.  
   8          *
   9          * Note:
  10          *
  11          *******************************************************************************
  12          * Copyright 2008-2011, Cypress Semiconductor Corporation.  All rights reserved.
  13          * You may use this file only in accordance with the license, terms, conditions, 
  14          * disclaimers, and limitations in the end user license agreement accompanying 
  15          * the software package with which this file was provided.
  16          ********************************************************************************/
  17          
  18          #include "ADC_DelSig_1.h"  
  19          
  20          
  21          /*******************************************************************************
  22          * Custom Declarations and Variables
  23          * - add user inlcude files, prototypes and variables between the following 
  24          *   #START and #END tags
  25          *******************************************************************************/
  26          /* `#START ADC_SYS_VAR`  */
  27          
  28          /* `#END`  */
  29          
  30          
  31          /*****************************************************************************
  32          * Function Name: ADC_DelSig_1_ISR1
  33          ******************************************************************************
  34          *
  35          * Summary:
  36          *  Handle Interrupt Service Routine.  
  37          *
  38          * Parameters:  
  39          *  void
  40          *
  41          * Return: 
  42          *  void 
  43          *
  44          * Reentrant: 
  45          *  No
  46          *
  47          *****************************************************************************/
  48          CY_ISR( ADC_DelSig_1_ISR1)
  49          {
  50   1          /***************************************************************************
  51   1          *  Custom Code
  52   1          *  - add user ISR code between the following #START and #END tags
  53   1          **************************************************************************/
C51 COMPILER V9.03   ADC_DELSIG_1_INT                                                      07/11/2012 14:12:34 PAGE 2   

  54   1          /* `#START MAIN_ADC_ISR1`  */
  55   1      
  56   1          /* `#END`  */
  57   1          
  58   1          /* Stop the conversion if conversion mode is single sample and resolution
  59   1             is above 16 bits. 
  60   1          */
  61   1          #if(ADC_DelSig_1_CFG1_RESOLUTION > 16 && \
  62   1              ADC_DelSig_1_CFG1_CONV_MODE == ADC_DelSig_1_MODE_SINGLE_SAMPLE) 
                      ADC_DelSig_1_StopConvert(); 
                  #endif /* Single sample conversion mode with resolution above 16 bits */         
  65   1          
  66   1          /* PSoC3 ES1, ES2 RTC ISR PATCH  */ 
  67   1          #if(CYDEV_CHIP_MEMBER_USED == CYDEV_CHIP_MEMBER_3A)
  68   1              #if((CYDEV_CHIP_REVISION_USED <= CYDEV_CHIP_REVISION_3A_ES2) && (ADC_DelSig_1_IRQ__ES2_PATCH ))   
             -   
                          ADC_DelSig_1_ISR_PATCH();
                      #endif /* Silicon revision check */
  71   1          #endif /* Chip member check */   
  72   1          
  73   1      }
  74          
  75          
  76          /*****************************************************************************
  77          * Function Name: ADC_DelSig_1_ISR2
  78          ******************************************************************************
  79          *
  80          * Summary:
  81          *  Handle Interrupt Service Routine.  
  82          *
  83          * Parameters:  
  84          *  void
  85          *
  86          * Return: 
  87          *  void 
  88          *
  89          * Reentrant: 
  90          *  No
  91          *
  92          *****************************************************************************/
  93          CY_ISR( ADC_DelSig_1_ISR2)
  94          {
  95   1          /***************************************************************************
  96   1          *  Custom Code
  97   1          *  - add user ISR code between the following #START and #END tags
  98   1          **************************************************************************/
  99   1          /* `#START MAIN_ADC_ISR2`  */
 100   1      
 101   1          /* `#END`  */
 102   1          
 103   1          /* Stop the conversion conversion mode is single sample and resolution
 104   1             is above 16 bits.
 105   1          */
 106   1          #if(ADC_DelSig_1_CFG2_RESOLUTION > 16 && \
 107   1              ADC_DelSig_1_CFG2_CONVMODE == ADC_DelSig_1_MODE_SINGLE_SAMPLE) 
                      ADC_DelSig_1_StopConvert(); 
                  #endif /* Single sample conversion mode with resolution above 16 bits */
 110   1          
 111   1          /* PSoC3 ES1, ES2 RTC ISR PATCH  */ 
 112   1          #if(CYDEV_CHIP_MEMBER_USED == CYDEV_CHIP_MEMBER_3A)
 113   1              #if((CYDEV_CHIP_REVISION_USED <= CYDEV_CHIP_REVISION_3A_ES2) && (ADC_DelSig_1_IRQ__ES2_PATCH ))   
             -   
C51 COMPILER V9.03   ADC_DELSIG_1_INT                                                      07/11/2012 14:12:34 PAGE 3   

                          ADC_DelSig_1_ISR_PATCH();
                      #endif /* Silicon revision check */
 116   1          #endif /* Chip member check */   
 117   1          
 118   1      }
 119          
 120          
 121          /*****************************************************************************
 122          * Function Name: ADC_DelSig_1_ISR3
 123          ******************************************************************************
 124          *
 125          * Summary:
 126          *  Handle Interrupt Service Routine.  
 127          *
 128          * Parameters:  
 129          *  void
 130          *
 131          * Return: 
 132          *  void 
 133          *
 134          * Reentrant: 
 135          *  No
 136          *
 137          *****************************************************************************/
 138          CY_ISR( ADC_DelSig_1_ISR3)
 139          {
 140   1          /***************************************************************************
 141   1          *  Custom Code
 142   1          *  - add user ISR code between the following #START and #END tags
 143   1          **************************************************************************/
 144   1          /* `#START MAIN_ADC_ISR3`  */
 145   1      
 146   1          /* `#END`  */
 147   1      
 148   1          /* Stop the conversion if conversion mode is set to single sample and 
 149   1             resolution is above 16 bits. 
 150   1          */
 151   1          #if(ADC_DelSig_1_CFG3_RESOLUTION > 16 && \
 152   1              ADC_DelSig_1_CFG3_CONVMODE == ADC_DelSig_1_MODE_SINGLE_SAMPLE) 
                      ADC_DelSig_1_StopConvert(); 
                  #endif /* Single sample conversion mode with resolution above 16 bits */  
 155   1          
 156   1          /* PSoC3 ES1, ES2 RTC ISR PATCH  */ 
 157   1          #if(CYDEV_CHIP_MEMBER_USED == CYDEV_CHIP_MEMBER_3A)
 158   1              #if((CYDEV_CHIP_REVISION_USED <= CYDEV_CHIP_REVISION_3A_ES2) && (ADC_DelSig_1_IRQ__ES2_PATCH ))   
             -   
                          ADC_DelSig_1_ISR_PATCH();
                      #endif /* Silicon revision check */
 161   1          #endif /* Chip member check */       
 162   1      }
 163          
 164          
 165          /*****************************************************************************
 166          * Function Name: ADC_DelSig_1_ISR4
 167          ******************************************************************************
 168          *
 169          * Summary:
 170          *  Handle Interrupt Service Routine.  
 171          *
 172          * Parameters:  
 173          *  void
 174          *
C51 COMPILER V9.03   ADC_DELSIG_1_INT                                                      07/11/2012 14:12:34 PAGE 4   

 175          * Return: 
 176          *  void 
 177          *
 178          * Reentrant: 
 179          *  No
 180          *
 181          *****************************************************************************/
 182          CY_ISR( ADC_DelSig_1_ISR4)
 183          {
 184   1          /***************************************************************************
 185   1          *  Custom Code
 186   1          *  - add user ISR code between the following #START and #END tags
 187   1          **************************************************************************/
 188   1          /* `#START MAIN_ADC_ISR4`  */
 189   1      
 190   1          /* `#END`  */
 191   1          
 192   1          /* Stop the conversion if conversion mode is set to single sample and 
 193   1             resolution is above 16 bits. 
 194   1          */
 195   1          #if(ADC_DelSig_1_CFG4_RESOLUTION > 16 && \
 196   1              ADC_DelSig_1_CFG4_CONVMODE == ADC_DelSig_1_MODE_SINGLE_SAMPLE) 
                      ADC_DelSig_1_StopConvert(); 
                  #endif /* Single sample conversion mode with resolution above 16 bits */
 199   1          
 200   1          /* PSoC3 ES1, ES2 RTC ISR PATCH  */ 
 201   1          #if(CYDEV_CHIP_MEMBER_USED == CYDEV_CHIP_MEMBER_3A)
 202   1              #if((CYDEV_CHIP_REVISION_USED <= CYDEV_CHIP_REVISION_3A_ES2) && (ADC_DelSig_1_IRQ__ES2_PATCH ))   
             -   
                          ADC_DelSig_1_ISR_PATCH();
                      #endif /* Silicon revision check */
 205   1          #endif /* Chip member check */            
 206   1      }
 207          
 208          
 209          /* [] END OF FILE */
C51 COMPILER V9.03   ADC_DELSIG_1_INT                                                      07/11/2012 14:12:34 PAGE 5   

ASSEMBLY LISTING OF GENERATED OBJECT CODE


             ; FUNCTION ADC_DelSig_1_ISR1 (BEGIN)
                                           ; SOURCE LINE # 48
                                           ; SOURCE LINE # 73
0000 32                RETI    
             ; FUNCTION ADC_DelSig_1_ISR1 (END)

             ; FUNCTION ADC_DelSig_1_ISR2 (BEGIN)
                                           ; SOURCE LINE # 93
                                           ; SOURCE LINE # 118
0000 32                RETI    
             ; FUNCTION ADC_DelSig_1_ISR2 (END)

             ; FUNCTION ADC_DelSig_1_ISR3 (BEGIN)
                                           ; SOURCE LINE # 138
                                           ; SOURCE LINE # 162
0000 32                RETI    
             ; FUNCTION ADC_DelSig_1_ISR3 (END)

             ; FUNCTION ADC_DelSig_1_ISR4 (BEGIN)
                                           ; SOURCE LINE # 182
                                           ; SOURCE LINE # 206
0000 32                RETI    
             ; FUNCTION ADC_DelSig_1_ISR4 (END)



MODULE INFORMATION:   STATIC OVERLAYABLE
   CODE SIZE        =      4    ----
   CONSTANT SIZE    =   ----    ----
   XDATA SIZE       =   ----    ----
   PDATA SIZE       =   ----    ----
   DATA SIZE        =   ----    ----
   IDATA SIZE       =   ----    ----
   BIT SIZE         =   ----    ----
   EDATA SIZE       =   ----    ----
   HDATA SIZE       =   ----    ----
   XDATA CONST SIZE =   ----    ----
   FAR CONST SIZE   =   ----    ----
END OF MODULE INFORMATION.


C51 COMPILATION COMPLETE.  0 WARNING(S),  0 ERROR(S)
